--- 2026-09-13 18:09:30 ---
               total        used        free      shared  buff/cache   available
Mem:           3.1Gi       339Mi       2.4Gi       1.1Mi       533Mi       2.8Gi
Swap:             0B          0B          0B
Filesystem      Size  Used Avail Use% Mounted on
tmpfs           317M  1.1M  316M   1% /run
/dev/sda2        15G  2.8G   12G  20% /
tmpfs           1.6G     0  1.6G   0% /dev/shm
tmpfs           5.0M     0  5.0M   0% /run/lock
tmpfs           317M   12K  317M   1% /run/user/1000
 18:09:30 up  1:19,  1 user,  load average: 0.00, 0.02, 0.00
--- 2026-09-13 18:09:40 ---
               total        used        free      shared  buff/cache   available
Mem:           3.1Gi       339Mi       2.4Gi       1.1Mi       533Mi       2.8Gi
Swap:             0B          0B          0B
Filesystem      Size  Used Avail Use% Mounted on
tmpfs           317M  1.1M  316M   1% /run
/dev/sda2        15G  2.8G   12G  20% /
tmpfs           1.6G     0  1.6G   0% /dev/shm
tmpfs           5.0M     0  5.0M   0% /run/lock
tmpfs           317M   12K  317M   1% /run/user/1000
 18:09:40 up  1:19,  1 user,  load average: 0.00, 0.02, 0.00
--- 2026-09-13 18:11:22 ---
               total        used        free      shared  buff/cache   available
Mem:           3.1Gi       341Mi       2.4Gi       1.1Mi       533Mi       2.8Gi
Swap:             0B          0B          0B
Filesystem      Size  Used Avail Use% Mounted on
tmpfs           317M  1.1M  316M   1% /run
/dev/sda2        15G  2.8G   12G  20% /
tmpfs           1.6G     0  1.6G   0% /dev/shm
tmpfs           5.0M     0  5.0M   0% /run/lock
tmpfs           317M   12K  317M   1% /run/user/1000
 18:11:22 up  1:20,  1 user,  load average: 0.11, 0.05, 0.01
--- 2026-09-13 18:11:27 ---
               total        used        free      shared  buff/cache   available
Mem:           3.1Gi       341Mi       2.4Gi       1.1Mi       533Mi       2.8Gi
Swap:             0B          0B          0B
Filesystem      Size  Used Avail Use% Mounted on
tmpfs           317M  1.1M  316M   1% /run
/dev/sda2        15G  2.8G   12G  20% /
tmpfs           1.6G     0  1.6G   0% /dev/shm
tmpfs           5.0M     0  5.0M   0% /run/lock
tmpfs           317M   12K  317M   1% /run/user/1000
 18:11:27 up  1:21,  1 user,  load average: 0.10, 0.05, 0.01
--- 2026-09-13 18:11:32 ---
               total        used        free      shared  buff/cache   available
Mem:           3.1Gi       341Mi       2.4Gi       1.1Mi       533Mi       2.8Gi
Swap:             0B          0B          0B
Filesystem      Size  Used Avail Use% Mounted on
tmpfs           317M  1.1M  316M   1% /run
/dev/sda2        15G  2.8G   12G  20% /
tmpfs           1.6G     0  1.6G   0% /dev/shm
tmpfs           5.0M     0  5.0M   0% /run/lock
tmpfs           317M   12K  317M   1% /run/user/1000
 18:11:32 up  1:21,  1 user,  load average: 0.09, 0.05, 0.01
--- 2026-09-13 18:11:37 ---
               total        used        free      shared  buff/cache   available
Mem:           3.1Gi       341Mi       2.4Gi       1.1Mi       533Mi       2.8Gi
Swap:             0B          0B          0B
Filesystem      Size  Used Avail Use% Mounted on
tmpfs           317M  1.1M  316M   1% /run
/dev/sda2        15G  2.8G   12G  20% /
tmpfs           1.6G     0  1.6G   0% /dev/shm
tmpfs           5.0M     0  5.0M   0% /run/lock
tmpfs           317M   12K  317M   1% /run/user/1000
 18:11:37 up  1:21,  1 user,  load average: 0.08, 0.05, 0.01
--- 2026-09-13 18:11:42 ---
               total        used        free      shared  buff/cache   available
Mem:           3.1Gi       341Mi       2.4Gi       1.1Mi       533Mi       2.8Gi
Swap:             0B          0B          0B
Filesystem      Size  Used Avail Use% Mounted on
tmpfs           317M  1.1M  316M   1% /run
/dev/sda2        15G  2.8G   12G  20% /
tmpfs           1.6G     0  1.6G   0% /dev/shm
tmpfs           5.0M     0  5.0M   0% /run/lock
tmpfs           317M   12K  317M   1% /run/user/1000
 18:11:42 up  1:21,  1 user,  load average: 0.08, 0.05, 0.01
